// Jest Snapshot v1, https://goo.gl/fbAQLP

exports[`Link should match snapshot 1`] = `
Object {
  "props": Object {
    "active": false,
    "children": "Test",
    "onClick": [MockFunction],
  },
  "wrapper": ShallowWrapper {
    Symbol(enzyme.__root__): [Circular],
    Symbol(enzyme.__unrendered__): <Link
      active={false}
      onClick={[MockFunction]}
    >
      Test
    </Link>,
    Symbol(enzyme.__renderer__): Object {
      "batchedUpdates": [Function],
      "getNode": [Function],
      "render": [Function],
      "simulateError": [Function],
      "simulateEvent": [Function],
      "unmount": [Function],
    },
    Symbol(enzyme.__node__): Object {
      "instance": null,
      "key": undefined,
      "nodeType": "host",
      "props": Object {
        "children": "Test",
        "disabled": false,
        "onClick": [MockFunction],
        "style": Object {
          "marginLeft": "4px",
        },
      },
      "ref": null,
      "rendered": "Test",
      "type": "button",
    },
    Symbol(enzyme.__nodes__): Array [
      Object {
        "instance": null,
        "key": undefined,
        "nodeType": "host",
        "props": Object {
          "children": "Test",
          "disabled": false,
          "onClick": [MockFunction],
          "style": Object {
            "marginLeft": "4px",
          },
        },
        "ref": null,
        "rendered": "Test",
        "type": "button",
      },
    ],
    Symbol(enzyme.__options__): Object {
      "adapter": ReactSixteenAdapter {
        "options": Object {
          "enableComponentDidUpdateOnSetState": true,
          "lifecycles": Object {
            "componentDidUpdate": Object {
              "onSetState": true,
            },
            "getDerivedStateFromProps": true,
            "getSnapshotBeforeUpdate": true,
            "setState": Object {
              "skipsComponentDidUpdateOnNullish": true,
            },
          },
        },
      },
    },
  },
}
`;
